[0.028s][info][gc] Using Parallel
[0.544s][info][gc] GC(0) Pause Young (Allocation Failure) 3M->1M(11M) 5.347ms
[770.572s][info][gc] GC(1) Pause Young (Allocation Failure) 4M->4M(11M) 2.477ms
[770.583s][info][gc] GC(2) Pause Young (Allocation Failure) 7M->4M(11M) 1.864ms
[770.635s][info][gc] GC(3) Pause Young (Allocation Failure) 7M->4M(11M) 2.438ms
[770.667s][info][gc] GC(4) Pause Young (Allocation Failure) 7M->4M(11M) 1.211ms
[770.673s][info][gc] GC(5) Pause Young (Allocation Failure) 7M->5M(10M) 1.151ms
[770.679s][info][gc] GC(6) Pause Young (Allocation Failure) 7M->5M(11M) 1.379ms
[770.683s][info][gc] GC(7) Pause Young (Allocation Failure) 7M->5M(11M) 0.263ms
[770.687s][info][gc] GC(8) Pause Young (Allocation Failure) 7M->5M(11M) 0.277ms
[770.694s][info][gc] GC(9) Pause Young (Allocation Failure) 7M->5M(11M) 0.593ms
[770.697s][info][gc] GC(10) Pause Young (Allocation Failure) 7M->5M(11M) 0.356ms
[770.702s][info][gc] GC(11) Pause Young (Allocation Failure) 7M->6M(11M) 0.192ms
[770.706s][info][gc] GC(12) Pause Young (Allocation Failure) 7M->6M(11M) 0.322ms
[1044.815s][info][gc] GC(13) Pause Young (Allocation Failure) 7M->5M(11M) 1.007ms
[1681.205s][info][gc] GC(14) Pause Young (Allocation Failure) 7M->6M(11M) 1.465ms
[1681.226s][info][gc] GC(15) Pause Full (Ergonomics) 6M->3M(11M) 21.370ms
